> Task :buildSrc:checkKotlinGradlePluginConfigurationErrors
> Task :buildSrc:compileKotlin UP-TO-DATE
> Task :buildSrc:compileJava NO-SOURCE
> Task :buildSrc:compileGroovy NO-SOURCE
> Task :buildSrc:pluginDescriptors UP-TO-DATE
> Task :buildSrc:processResources NO-SOURCE
> Task :buildSrc:classes UP-TO-DATE
> Task :buildSrc:jar UP-TO-DATE
> Task :bootBuildInfo
> Task :checkKotlinGradlePluginConfigurationErrors
> Task :kaptGenerateStubsKotlin UP-TO-DATE
> Task :kaptKotlin UP-TO-DATE
> Task :compileKotlin UP-TO-DATE
> Task :compileJava NO-SOURCE
> Task :processResources UP-TO-DATE
> Task :classes
> Task :jar
> Task :kaptGenerateStubsTestFixturesKotlin UP-TO-DATE
> Task :processTestFixturesResources NO-SOURCE
> Task :processTestResources UP-TO-DATE

> Task :kaptTestFixturesKotlin
Annotation processors discovery from compile classpath is deprecated.
Set 'kapt.include.compile.classpath=false' to disable discovery.
Run the build with '--info' for more details.
Note: Extracting Javadoc into build/generated-spring-modulith/javadoc.json.

> Task :compileTestFixturesKotlin UP-TO-DATE
> Task :compileTestFixturesJava NO-SOURCE
> Task :testFixturesClasses UP-TO-DATE
> Task :testFixturesJar UP-TO-DATE
> Task :kaptGenerateStubsTestKotlin UP-TO-DATE

> Task :kaptTestKotlin
Annotation processors discovery from compile classpath is deprecated.
Set 'kapt.include.compile.classpath=false' to disable discovery.
Run the build with '--info' for more details.
Note: Extracting Javadoc into build/generated-spring-modulith/javadoc.json.

> Task :compileTestKotlin UP-TO-DATE
> Task :compileTestJava NO-SOURCE
> Task :testClasses UP-TO-DATE
OpenJDK 64-Bit Server VM warning: Sharing is only supported for boot loader classes because bootstrap classpath has been appended

> Task :test

ScheduledEventListenerTest > initializationError FAILED
    org.junit.jupiter.api.extension.ParameterResolutionException at Optional.java:364
        Caused by: java.lang.IllegalStateException at DefaultCacheAwareContextLoaderDelegate.java:180
            Caused by: java.lang.IllegalArgumentException at Assert.java:181

1 test completed, 1 failed

> Task :test FAILED

FAILURE: Build failed with an exception.

* What went wrong:
Execution failed for task ':test'.
> There were failing tests. See the report at: file:///Users/okestro/Documents/code/crm-project/backend/build/reports/tests/test/index.html

* Try:
> Run with --scan to get full insights.

Deprecated Gradle features were used in this build, making it incompatible with Gradle 9.0.

You can use '--warning-mode all' to show the individual deprecation warnings and determine if they come from your own scripts or plugins.

For more on this, please refer to https://docs.gradle.org/8.10/userguide/command_line_interface.html#sec:command_line_warnings in the Gradle documentation.

BUILD FAILED in 21s
20 actionable tasks: 7 executed, 13 up-to-date
